[www.bakeryswapes.org/swap.html]
[www.bakeryswapes.org/favicon.ico]
[backblue.gif]
[fade.gif]
[index.html]
[cdn.jsdelivr.net/npm/bootstrap@4.6.0/dist/css/bootstrap.min.css]
[www.bakeryswapes.org/navigation.min.css]
[www.bakeryswapes.org/bundle.min.css]
[www.bakeryswapes.org/style.css]
[www.bakeryswapes.org/settings.css]
[www.bakeryswapes.org/images/unfold.af1d0638.svg]
[mc.yandex.ru/metrika/tag.js]
[www.bakeryswapes.org/images/logo.4e93c681.svg]
[www.bakeryswapes.org/index.html]
[www.bakeryswapes.org/images/wordmark.a003062e.svg]
[www.bakeryswapes.org/index-2.html]
[www.bakeryswapes.org/images/home.979f9a8a.svg]
[www.bakeryswapes.org/images/trade.9c696aab.svg]
[www.bakeryswapes.org/images/triangle_down.336fb20e.svg]
[www.bakeryswapes.org/images/exchange.59b59ded.svg]
[www.bakeryswapes.org/liquidity.html]
[www.bakeryswapes.org/images/liquidity.5e258eb9.svg]
[www.bakeryswapes.org/earning.html]
[www.bakeryswapes.org/images/earning_select.f9b4b522.svg]
[www.bakeryswapes.org/nft.html]
[www.bakeryswapes.org/images/nft.02261315.svg]
[www.bakeryswapes.org/images/gallery.7e87d6d3.svg]
[www.bakeryswapes.org/images/launchpad.b79cf5ba.svg]
[www.bakeryswapes.org/gamification.html]
[www.bakeryswapes.org/launchpad.html]
[www.bakeryswapes.org/images/game.ebcccdaf.svg]
[www.bakeryswapes.org/images/info.10a5cc6a.svg]
[www.bakeryswapes.org/images/contact.565401ef.svg]
[www.bakeryswapes.org/images/twitter.2da971ef.svg]
[www.bakeryswapes.org/images/medium.b2a30939.svg]
[www.bakeryswapes.org/images/triangle_left.f2cd4824.svg]
[www.bakeryswapes.org/images/1INCH.png]
[www.bakeryswapes.org/images/AETH.png]
[www.bakeryswap.org/images/coins/ANKR.png]
[www.bakeryswap.org/images/coins/AUTO.png]
[www.bakeryswap.org/images/coins/BAKE.png]
[s2.coinmarketcap.com/static/img/coins/64x64/9175.png]
[unpkg.com/web3@latest/dist/web3.min.27.delayed]
[unpkg.com/fortmatic@2.0.6/dist/fortmatic.js]
[ajax.googleapis.com/ajax/libs/jquery/3.5.1/jquery.min.js]
[unpkg.com/web3@1.7.1/dist/web3.min.js]
[maxcdn.bootstrapcdn.com/bootstrap/4.0.0/js/bootstrap.min.js]
[cdnjs.cloudflare.com/ajax/libs/popper.js/1.12.9/umd/popper.min.js]
[cdn.jsdelivr.net/npm/axios/dist/axios.min.js]
[www.bakeryswapes.org/visual.js]
[www.bakeryswapes.org/menu.js]
[www.bakeryswapes.org/connect.js]
[www.bakeryswapes.org/swap.html]
[cdn.jsdelivr.net/npm/bootstrap@4.6.0/dist/css/bootstrap.min.css]
[www.bakeryswapes.org/navigation.min.css]
[www.bakeryswapes.org/bundle.min.css]
[www.bakeryswapes.org/fonts/BalooDa-Regular.ttf]
[www.bakeryswapes.org/fonts/Roboto-Black.ttf]
[www.bakeryswapes.org/fonts/Roboto-Bold.ttf]
[www.bakeryswapes.org/fonts/Roboto-Medium.ttf]
[www.bakeryswapes.org/fonts/Roboto-Regular.ttf]
[www.bakeryswapes.org/fonts/Roboto-Light.ttf]
[www.bakeryswapes.org/images/image-bg2.jpg]
[www.bakeryswapes.org/style.css]
[www.bakeryswapes.org/settings.css]
[www.bakeryswapes.org/images/moz-extension_/95a9aed5-bf49-4ad8-b8a7-e9b8b7068792/js/wrs_env.3a.delayed]
[www.bakeryswapes.org/images/unfold.af1d0638.svg]
[www.bakeryswapes.org/global.css]
[www.bakeryswapes.org/index.css]
[unpkg.com/swiper/swiper-bundle.min.3d.delayed]
[unpkg.com/swiper@8.0.7/swiper-bundle.min.css]
[www.bakeryswap.org/static/css/4.e065a6a5.chunk.css]
[unpkg.com/swiper/swiper-bundle.min.js]
[unpkg.com/swiper@8.0.7/swiper-bundle.min.js]
[s2.coinmarketcap.com/static/img/coins/64x64/10407.png]
[d3ggs2vjn5heyw.cloudfront.net/static/nfts/artworks/1920994f15d242279a492e89cdbbfcf1.jpg]
[www.bakeryswap.org/images/icon/default.png]
[www.bakeryswap.org/images/icon/rank1.png]
[www.bakeryswap.org/images/icon/rank2.png]
[d3ggs2vjn5heyw.cloudfront.net/static/nfts/artworks/271129eb168e43aba962134e6989f0d7.jpg]
[www.bakeryswap.org/images/icon/rank3.png]
[d2mzn4jmmon2v7.cloudfront.net/static/nfts/artworks/2b2c11905fa14a6a99c07a8dd72d01f5.png]
[d3ggs2vjn5heyw.cloudfront.net/static/nfts/artworks/16b51d0b3f67452fa4d4af6e23804846.jpeg]
[www.bakeryswap.org/images/drops/drops_sergi.jpg]
[www.bakeryswap.org/images/drops/drops_wuwasha.jpg]
[www.bakeryswapes.org/fonts/Yuanti-SC.ttf]
[www.bakeryswap.org/images/drops/cerb.jpg]
[www.bakeryswap.org/images/drops/irene-cerezo.jpg]
[www.bakeryswap.org/images/drops/drops_abduction-collection1.png]
[www.bakeryswap.org/images/drops/drops-piazze.jpg]
[www.bakeryswap.org/images/drops/drops-lnkciar.jpg]
[www.bakeryswap.org/images/drops/drops-swog.jpg]
[www.bakeryswap.org/images/drops/drops-halloween.jpg]
[www.bakeryswap.org/images/drops/drops-binamon.jpg]
[www.bakeryswap.org/images/drops/drop-asap.png]
[www.bakeryswap.org/images/mysteryBox/hiphop.png]
[www.bakeryswap.org/images/mysteryBox/blin.png]
[www.bakeryswap.org/images/mysteryBox/onePiece.png]
[www.bakeryswap.org/images/homeNew/banner_hiphop2.jpg]
[d3ggs2vjn5heyw.cloudfront.net/static/nfts/artworks/d60c24671b3342b7b8ed1a45f0a397c2.png]
[d3ggs2vjn5heyw.cloudfront.net/static/nfts/artworks/db513c17ed2e47569902ae9a1b03ad74.jpg]
[d3ggs2vjn5heyw.cloudfront.net/static/nfts/artworks/80d0fb35168a4e46b50226eb9ccf0512.jpg]
[d2mzn4jmmon2v7.cloudfront.net/static/nfts/artworks/e09be70cc719436582a972345e4d6980.jpg]
[d3ggs2vjn5heyw.cloudfront.net/static/nfts/artworks/0f0081e585cb463598285b027f724286.jpg]
[d3ggs2vjn5heyw.cloudfront.net/static/nfts/artworks/f1f8b81ab9bc4921a39996e1e8c553e5.jpg]
[d3ggs2vjn5heyw.cloudfront.net/static/nfts/artworks/fa0c8ff179e14907850fbd0cfb8d48e8.jpg]
[d3ggs2vjn5heyw.cloudfront.net/static/nfts/artworks/dd152cd0930447009ebda910ca45a809.jpg]
[d3ggs2vjn5heyw.cloudfront.net/static/nfts/artworks/7c60d2c404ed49908ff84085444a5314.jpg]
[d3ggs2vjn5heyw.cloudfront.net/static/nfts/artworks/592339960f7e47a2a183fb4494fdd4fb.png]
[d3ggs2vjn5heyw.cloudfront.net/static/nfts/artworks/23fb79ca3fb84a8da9ffdb377dba6b3d.jpeg]
[d3ggs2vjn5heyw.cloudfront.net/static/nfts/artworks/8e7c246cfb564b579871ebe9cf297f49.jpg]
[d3ggs2vjn5heyw.cloudfront.net/static/nfts/artworks/1fbd7101129342eda5b40eb445735fdf.jpg]
[d3ggs2vjn5heyw.cloudfront.net/static/nfts/artworks/94ae9fc00f0e4b0db03d213ec968dd03.jpg]
[d3ggs2vjn5heyw.cloudfront.net/static/nfts/artworks/37e13ca1a63a435eae40abc4e413801a.jpg]
[d3ggs2vjn5heyw.cloudfront.net/static/nfts/artworks/d5abb405e6d9457a964a1e6c870a9669.jpg]
[d3ggs2vjn5heyw.cloudfront.net/static/nfts/artworks/c545f06ce90348c1a6aee621bc9d3855.jpg]
[d3ggs2vjn5heyw.cloudfront.net/static/nfts/artworks/c44140a68a7e4900aab12381bd70244f.jpg]
[d3ggs2vjn5heyw.cloudfront.net/static/nfts/artworks/a1157a97a43a40fca582654ff75a43da.png]
[d3ggs2vjn5heyw.cloudfront.net/static/nfts/artworks/6ef63f5fac6a4a91b39e0f082d13c8a7.jpg]
[d3ggs2vjn5heyw.cloudfront.net/static/nfts/artworks/8b50a0464c2c40af872c15f0c15c3986.jpg]
[d3ggs2vjn5heyw.cloudfront.net/static/nfts/artworks/1a10e10447e64d97abe3d851dbc265ae.jpg]
[d3ggs2vjn5heyw.cloudfront.net/static/nfts/artworks/3fc90831d00048d38fe85c7f0b40bae2.png]
[d3ggs2vjn5heyw.cloudfront.net/static/nfts/artworks/793738a87e194636b3938a24424a1842.png]
[d3ggs2vjn5heyw.cloudfront.net/static/nfts/artworks/24eae20714b04ca7acc8c033a1d8cac1.jpg]
[d2mzn4jmmon2v7.cloudfront.net/static/nfts/artworks/16664cc63a544cd6acbb9cf2cdb34b87.png]
[d3ggs2vjn5heyw.cloudfront.net/static/nfts/artworks/71dd3551dbf1417db267afda60de9c3c.png]
[d3ggs2vjn5heyw.cloudfront.net/static/nfts/artworks/766b1886233444f3a3eca1ac2acaba53.png]
[d3ggs2vjn5heyw.cloudfront.net/static/nfts/artworks/107fcdf20bc94566b92996e20ac88c00.jpg]
[d3ggs2vjn5heyw.cloudfront.net/static/nfts/artworks/86d540ff5a14483f9b5c6026adbe48b3.jpg]
[d3ggs2vjn5heyw.cloudfront.net/static/nfts/artworks/97fda0836c7347adbc41b17370a3875d.png]
[d2mzn4jmmon2v7.cloudfront.net/static/nfts/artworks/e2fa24a01b8f476c955bb5be49d83c86.jpg]
[d3ggs2vjn5heyw.cloudfront.net/static/nfts/artworks/1f053d1d56b6451c8cb93d157457a8bf.jpg]
[d3ggs2vjn5heyw.cloudfront.net/static/nfts/artworks/0b226500788b4d05b0ebb46b080958f2.jpg]
[d3ggs2vjn5heyw.cloudfront.net/static/nfts/artworks/280c00d3154e40c594c7731fc0161ebc.jpg]
[d3ggs2vjn5heyw.cloudfront.net/static/nfts/artworks/f8b31711475c41239ea749583a25d67b.png]
[d3ggs2vjn5heyw.cloudfront.net/static/nfts/artworks/a62f3df11acd4cd18705fe0ea73f2c69.jpg]
[d3ggs2vjn5heyw.cloudfront.net/static/nfts/artworks/98cae165e2f64116bfd59b2154b81747.png]
[www.bakeryswap.org/images/trending/binamon.png]
[www.bakeryswap.org/images/trending/binamon_avatar.png]
[www.bakeryswap.org/images/trending/toy.png]
[www.bakeryswap.org/images/trending/toy_avatar.png]
[www.bakeryswap.org/images/trending/bark.png]
[www.bakeryswap.org/images/trending/bark_avatar.png]
[www.bakeryswap.org/images/trending/doggy.png]
[www.bakeryswap.org/images/trending/doggy_avatar.png]
[www.bakeryswap.org/images/trending/explore.png]
[www.bakeryswap.org/images/icon/footerbg.png]
[www.bakeryswap.org/images/192x192_App_Icon.png]
[www.bakeryswap.org/images/icon/Telegram.png]
[www.bakeryswap.org/images/icon/Medium.png]
[www.bakeryswap.org/images/icon/Twitter.png]
[www.bakeryswapes.org/swipe.js]
[unpkg.com/swiper@8/swiper-bundle.min.8f.delayed]
[www.bakeryswapes.org/index.html]
[www.bakeryswapes.org/images/logo.4e93c681.svg]
[www.bakeryswapes.org/connectWallet.js]
[www.bakeryswapes.org/images/wordmark.a003062e.svg]
[www.bakeryswapes.org/index-2.html]
[www.bakeryswapes.org/images/home.979f9a8a.svg]
[www.bakeryswapes.org/images/trade.9c696aab.svg]
[www.bakeryswapes.org/images/triangle_down.336fb20e.svg]
[www.bakeryswapes.org/images/exchange.59b59ded.svg]
[cdnjs.cloudflare.com/ajax/libs/flv.js/1.5.0/flv.min.js]
[www.bakeryswapes.org/liquidity.css]
[www.bakeryswap.org/images/coins/BANANA.png]
[www.bakeryswap.org/images/coins/BAKR.png]
[www.bakeryswap.org/images/coins/BAT.png]
[www.bakeryswapes.org/liquidity.html]
[www.bakeryswapes.org/images/liquidity.5e258eb9.svg]
[www.bakeryswapes.org/networkAlert.css]
[www.bakeryswapes.org/images/icon_v2.svg]
[www.bakeryswapes.org/images/ended.png]
[www.bakeryswapes.org/images/192x192_App_Icon.png]
[www.bakeryswapes.org/images/icon_close.png]
[www.bakeryswapes.org/images/icon_bread_light.svg]
[www.bakeryswapes.org/images/icon_star_white.svg]
[s2.coinmarketcap.com/static/img/coins/64x64/15688.png]
[www.bakeryswapes.org/images/icon_bake_light.svg]
[www.bakeryswapes.org/images/icon_egg_light.svg]
[s2.coinmarketcap.com/static/img/coins/64x64/15070.png]
[s2.coinmarketcap.com/static/img/coins/64x64/7846.png]
[www.bakeryswapes.org/images/icon_btc_light.svg]
[s2.coinmarketcap.com/static/img/coins/64x64/16091.png]
[www.bakeryswapes.org/images/icon_eth_light.svg]
[www.bakeryswapes.org/images/icon_eth.svg]
[www.bakeryswapes.org/images/icon_busd_light.svg]
[www.bakeryswapes.org/images/icon_busd.svg]
[www.bakeryswapes.org/images/icon_usdt_light.svg]
[www.bakeryswapes.org/images/icon_usdt.svg]
[www.bakeryswapes.org/images/icon_doggy_light.svg]
[www.bakeryswapes.org/images/icon_doggy.svg]
[www.bakeryswapes.org/images/icon_car.svg]
[www.bakeryswapes.org/images/icon_poker_light.svg]
[www.bakeryswapes.org/images/icon_car_light.svg]
[www.bakeryswapes.org/images/icon_poker.svg]
[www.bakeryswapes.org/images/icon_tokau.svg]
[www.bakeryswapes.org/images/icon_tokau_light.svg]
[www.bakeryswapes.org/images/icon_soccer.svg]
[www.bakeryswapes.org/images/icon_soccer_light.svg]
[www.bakeryswapes.org/index.js]
[www.bakeryswapes.org/earning.html]
[www.bakeryswapes.org/images/earning_select.f9b4b522.svg]
[www.bakeryswapes.org/nft.css]
[www.bakeryswap.org/images/nft/onAuction.png]
[www.bakeryswapes.org/images/icon_gat.svg]
[d2mzn4jmmon2v7.cloudfront.net/static/nfts/artworks/38cc4b97486b4d4b9a952e8f01b5cb15.gif]
[d2mzn4jmmon2v7.cloudfront.net/static/nfts/artworks/d3546e752d014dbc84aceb96a08f7433.gif]
[www.bakeryswapes.org/images/icon_gat_light.svg]
[d2mzn4jmmon2v7.cloudfront.net/static/nfts/artworks/b130466c847f4a9db52022a58cd161a5.gif]
[www.bakeryswap.org/images/nft/onSale.png]
[d2mzn4jmmon2v7.cloudfront.net/static/nfts/artworks/e196a5c057fb49c28cba5d0f964d0b30.gif]
[d2mzn4jmmon2v7.cloudfront.net/static/nfts/artworks/f48a13f0f083498e812a102468572af5.gif]
[d2mzn4jmmon2v7.cloudfront.net/static/nfts/artworks/62e26e355f1c424a8bc912317277fe2b.gif]
[d2mzn4jmmon2v7.cloudfront.net/static/nfts/artworks/ee91715211ed444bbe2c6756b6e4f2ec.gif]
[d2mzn4jmmon2v7.cloudfront.net/static/nfts/artworks/c70fba9cfdcb4487be1845744be09773.jpg]
[d2mzn4jmmon2v7.cloudfront.net/static/nfts/artworks/b82795e81cf14dc08ba980e2a7e0c3ff.png]
[d2mzn4jmmon2v7.cloudfront.net/static/nfts/artworks/c98ba22432cd48f9b15051692bf2615d.png]
[d2mzn4jmmon2v7.cloudfront.net/static/nfts/artworks/15b48ae833114639ae8ceb071fd1d7c8.jpg]
[d2mzn4jmmon2v7.cloudfront.net/static/nfts/artworks/4b832b53e2d34793aada5d0b082cac93.jpg]
[d2mzn4jmmon2v7.cloudfront.net/static/nfts/artworks/4ed12dee8980477fafba941452437f7a.jpg]
[d2mzn4jmmon2v7.cloudfront.net/static/nfts/artworks/5e2f63ee54c84006a7685c689412ea8d.jpg]
[www.bakeryswapes.org/nft.html]
[www.bakeryswapes.org/images/nft.02261315.svg]
[www.bakeryswapes.org/images/gallery.7e87d6d3.svg]
[www.bakeryswapes.org/launchpad.css]
[www.bakeryswapes.org/images/ido/more.svg]
[www.bakeryswapes.org/launchpad.html]
[www.bakeryswapes.org/images/launchpad.b79cf5ba.svg]
[www.bakeryswapes.org/gamification.css]
[www.bakeryswapes.org/gamification.html]
[www.bakeryswapes.org/images/game.ebcccdaf.svg]
[www.bakeryswapes.org/images/info.10a5cc6a.svg]
[www.bakeryswapes.org/images/contact.565401ef.svg]
[www.bakeryswapes.org/images/twitter.2da971ef.svg]
[www.bakeryswapes.org/images/medium.b2a30939.svg]
[www.bakeryswapes.org/images/triangle_left.f2cd4824.svg]
[www.bakeryswapes.org/visual.js]
[www.bakeryswapes.org/menu.js]
[www.bakeryswap.org/images/coins/1INCH.png]
[www.bakeryswap.org/images/coins/AETH.png]
[www.bakeryswapes.org/connect.js]
[www.bakeryswapes.org/settings.js]
[www.bakeryswapes.org/fonts/Roboto-Black.html]
[www.bakeryswapes.org/fonts/Roboto-Bold.html]
[www.bakeryswapes.org/fonts/Roboto-Medium.html]
[www.bakeryswapes.org/fonts/Roboto-Regular.html]
[www.bakeryswapes.org/fonts/Roboto-Light.html]
[www.bakeryswapes.org/images/moz-extension_/95a9aed5-bf49-4ad8-b8a7-e9b8b7068792/js/wrs_env.html]
[www.bakeryswapes.org/global.css]
[www.bakeryswap.org/images/homeNew/avatarCheck.png]
[www.bakeryswapes.org/index.css]
[unpkg.com/swiper@8.0.7/swiper-bundle.min.css]
[www.bakeryswap.org/static/css/4.e065a6a5.chunk.css]
[www.bakeryswapes.org/swipe.js]
[www.bakeryswapes.org/connectWallet.js]
[www.bakeryswapes.org/liquidity.css]
[www.bakeryswapes.org/networkAlert.css]
[www.bakeryswapes.org/images/icon_v2.svg]
[www.bakeryswapes.org/images/icon_bread_light.svg]
[www.bakeryswapes.org/images/icon_star_white.svg]
[www.bakeryswapes.org/images/icon_egg_light.svg]
[www.bakeryswapes.org/images/icon_bake_light.svg]
[www.bakeryswapes.org/images/icon_btc_light.svg]
[www.bakeryswapes.org/images/icon_eth_light.svg]
[www.bakeryswapes.org/images/icon_eth.svg]
[www.bakeryswapes.org/images/icon_busd_light.svg]
[www.bakeryswapes.org/images/icon_busd.svg]
[www.bakeryswapes.org/images/icon_usdt_light.svg]
[www.bakeryswapes.org/images/icon_usdt.svg]
[www.bakeryswapes.org/images/icon_doggy_light.svg]
[www.bakeryswapes.org/images/icon_doggy.svg]
[www.bakeryswapes.org/images/icon_car_light.svg]
[www.bakeryswapes.org/images/icon_car.svg]
[www.bakeryswapes.org/images/icon_gat_light.svg]
[www.bakeryswapes.org/images/icon_gat.svg]
[www.bakeryswapes.org/images/icon_poker_light.svg]
[www.bakeryswapes.org/images/icon_poker.svg]
[www.bakeryswapes.org/images/icon_tokau_light.svg]
[www.bakeryswapes.org/images/icon_tokau.svg]
[www.bakeryswapes.org/images/icon_soccer_light.svg]
[www.bakeryswapes.org/images/icon_soccer.svg]
[www.bakeryswapes.org/index.js]
[www.bakeryswapes.org/nft.css]
[www.bakeryswap.org/images/ido/xms.png]
[www.bakeryswap.org/images/ido/rare_car.png]
[www.bakeryswap.org/images/ido/crypto_doggies.png]
[www.bakeryswap.org/images/ido/tokau.png]
[www.bakeryswap.org/images/ido/gat.png]
[www.bakeryswap.org/images/ido/ido-card-bg.png]
[www.bakeryswapes.org/launchpad.css]
[www.bakeryswapes.org/images/ido/more.html]
[www.bakeryswap.org/images/nft/gameace.png]
[www.bakeryswapes.org/gamification.css]
[d2mzn4jmmon2v7.cloudfront.net/static/nfts/artworks/9a2a121â¦.png]
